[atul-image.netlify.app/index.html]
[backblue.gif]
[fade.gif]
[index.html]
[atul-image.netlify.app/img/Atul-favicon.png]
[atul-image.netlify.app/style.css]
[atul-image.netlify.app/main.js]
[cdnjs.cloudflare.com/ajax/libs/font-awesome/5.14.0/css/all.min.css]
[cdnjs.cloudflare.com/ajax/libs/jquery/3.3.1/jquery.min.js]
[cdnjs.cloudflare.com/ajax/libs/magnific-popup.js/1.1.0/jquery.magnific-popup.min.js]
[cdnjs.cloudflare.com/ajax/libs/magnific-popup.js/1.1.0/magnific-popup.min.css]
[atul-image.netlify.app/index-2.html]
[atul-image.netlify.app/blog.html]
[atul-image.netlify.app/img/me.jpg]
[atul-image.netlify.app/img/work1.png]
[atul-image.netlify.app/img/work2.png]
[atul-image.netlify.app/img/work3.png]
[atul-image.netlify.app/img/work4.png]
[atul-image.netlify.app/img/work5.png]
[atul-image.netlify.app/img/work6.png]
[atul-image.netlify.app/img/work7.png]
[atul-image.netlify.app/img/work8.png]
[atul-image.netlify.app/img/client1.jpg]
[atul-image.netlify.app/img/Client2.jpg]
[atul-image.netlify.app/img/Client3.jpg]
[atul-image.netlify.app/index.html]
[atul-image.netlify.app/img/hero.jpg]
[atul-image.netlify.app/img/menu.jpg]
[atul-image.netlify.app/img/close.jpg]
[atul-image.netlify.app/style.css]
[cdnjs.cloudflare.com/ajax/libs/font-awesome/5.14.0/css/all.min.css]
[cdnjs.cloudflare.com/ajax/libs/magnific-popup.js/1.1.0/magnific-popup.min.css]
[atul-image.netlify.app/index-2.html]
[atul-image.netlify.app/blog.css]
[atul-image.netlify.app/single-blog.html]
[atul-image.netlify.app/img/other-blog1.jpg]
[atul-image.netlify.app/img/other-blog2.jpg]
[atul-image.netlify.app/img/other-blog3.jpg]
[atul-image.netlify.app/blog.html]
[atul-image.netlify.app/img/blog-hero.jpg]
[atul-image.netlify.app/img/featured-blog1.jpg]
[atul-image.netlify.app/blog.css]
[atul-image.netlify.app/img/featured-blog2.jpg]
[atul-image.netlify.app/single-blog.css]
[atul-image.netlify.app/single-blog.html]
[atul-image.netlify.app/single-blog.css]
